###############################################################################
#
# IAR ELF Linker V9.32.1.338/W64 for ARM                  26/Sep/2023  16:41:00
# Copyright 2007-2022 IAR Systems AB.
#
#    Output file  =
#        D:\temp\repositories\Nucleo_F446RE_uart_example\Nucleo_F446RE_uart\EWARM\Nucleo_F446RE_uart\Exe\Nucleo_F446RE_uart.out
#    Map file     =
#        D:\temp\repositories\Nucleo_F446RE_uart_example\Nucleo_F446RE_uart\EWARM\Nucleo_F446RE_uart\List\Nucleo_F446RE_uart.map
#    Command line =
#        -f
#        D:\temp\repositories\Nucleo_F446RE_uart_example\Nucleo_F446RE_uart\EWARM\Nucleo_F446RE_uart\Exe\Nucleo_F446RE_uart.out.rsp
#        (D:\temp\repositories\Nucleo_F446RE_uart_example\Nucleo_F446RE_uart\EWARM\Nucleo_F446RE_uart\Obj\Application\User\Core\main.o
#        D:\temp\repositories\Nucleo_F446RE_uart_example\Nucleo_F446RE_uart\EWARM\Nucleo_F446RE_uart\Obj\Application\User\user_code\ringbuff.o
#        D:\temp\repositories\Nucleo_F446RE_uart_example\Nucleo_F446RE_uart\EWARM\Nucleo_F446RE_uart\Obj\Application\EWARM\startup_stm32f446xx.o
#        D:\temp\repositories\Nucleo_F446RE_uart_example\Nucleo_F446RE_uart\EWARM\Nucleo_F446RE_uart\Obj\Drivers\STM32F4xx_HAL_Driver\stm32f4xx_hal.o
#        D:\temp\repositories\Nucleo_F446RE_uart_example\Nucleo_F446RE_uart\EWARM\Nucleo_F446RE_uart\Obj\Drivers\STM32F4xx_HAL_Driver\stm32f4xx_hal_cortex.o
#        D:\temp\repositories\Nucleo_F446RE_uart_example\Nucleo_F446RE_uart\EWARM\Nucleo_F446RE_uart\Obj\Drivers\STM32F4xx_HAL_Driver\stm32f4xx_hal_dma.o
#        D:\temp\repositories\Nucleo_F446RE_uart_example\Nucleo_F446RE_uart\EWARM\Nucleo_F446RE_uart\Obj\Drivers\STM32F4xx_HAL_Driver\stm32f4xx_hal_dma_ex.o
#        D:\temp\repositories\Nucleo_F446RE_uart_example\Nucleo_F446RE_uart\EWARM\Nucleo_F446RE_uart\Obj\Drivers\STM32F4xx_HAL_Driver\stm32f4xx_hal_exti.o
#        D:\temp\repositories\Nucleo_F446RE_uart_example\Nucleo_F446RE_uart\EWARM\Nucleo_F446RE_uart\Obj\Drivers\STM32F4xx_HAL_Driver\stm32f4xx_hal_flash.o
#        D:\temp\repositories\Nucleo_F446RE_uart_example\Nucleo_F446RE_uart\EWARM\Nucleo_F446RE_uart\Obj\Drivers\STM32F4xx_HAL_Driver\stm32f4xx_hal_flash_ex.o
#        D:\temp\repositories\Nucleo_F446RE_uart_example\Nucleo_F446RE_uart\EWARM\Nucleo_F446RE_uart\Obj\Drivers\STM32F4xx_HAL_Driver\stm32f4xx_hal_flash_ramfunc.o
#        D:\temp\repositories\Nucleo_F446RE_uart_example\Nucleo_F446RE_uart\EWARM\Nucleo_F446RE_uart\Obj\Drivers\STM32F4xx_HAL_Driver\stm32f4xx_hal_gpio.o
#        D:\temp\repositories\Nucleo_F446RE_uart_example\Nucleo_F446RE_uart\EWARM\Nucleo_F446RE_uart\Obj\Application\User\Core\stm32f4xx_hal_msp.o
#        D:\temp\repositories\Nucleo_F446RE_uart_example\Nucleo_F446RE_uart\EWARM\Nucleo_F446RE_uart\Obj\Drivers\STM32F4xx_HAL_Driver\stm32f4xx_hal_pwr.o
#        D:\temp\repositories\Nucleo_F446RE_uart_example\Nucleo_F446RE_uart\EWARM\Nucleo_F446RE_uart\Obj\Drivers\STM32F4xx_HAL_Driver\stm32f4xx_hal_pwr_ex.o
#        D:\temp\repositories\Nucleo_F446RE_uart_example\Nucleo_F446RE_uart\EWARM\Nucleo_F446RE_uart\Obj\Drivers\STM32F4xx_HAL_Driver\stm32f4xx_hal_rcc.o
#        D:\temp\repositories\Nucleo_F446RE_uart_example\Nucleo_F446RE_uart\EWARM\Nucleo_F446RE_uart\Obj\Drivers\STM32F4xx_HAL_Driver\stm32f4xx_hal_rcc_ex.o
#        D:\temp\repositories\Nucleo_F446RE_uart_example\Nucleo_F446RE_uart\EWARM\Nucleo_F446RE_uart\Obj\Drivers\STM32F4xx_HAL_Driver\stm32f4xx_hal_tim.o
#        D:\temp\repositories\Nucleo_F446RE_uart_example\Nucleo_F446RE_uart\EWARM\Nucleo_F446RE_uart\Obj\Drivers\STM32F4xx_HAL_Driver\stm32f4xx_hal_tim_ex.o
#        D:\temp\repositories\Nucleo_F446RE_uart_example\Nucleo_F446RE_uart\EWARM\Nucleo_F446RE_uart\Obj\Drivers\STM32F4xx_HAL_Driver\stm32f4xx_hal_uart.o
#        D:\temp\repositories\Nucleo_F446RE_uart_example\Nucleo_F446RE_uart\EWARM\Nucleo_F446RE_uart\Obj\Application\User\Core\stm32f4xx_it.o
#        D:\temp\repositories\Nucleo_F446RE_uart_example\Nucleo_F446RE_uart\EWARM\Nucleo_F446RE_uart\Obj\Drivers\CMSIS\system_stm32f4xx.o
#        --no_out_extension -o
#        D:\temp\repositories\Nucleo_F446RE_uart_example\Nucleo_F446RE_uart\EWARM\Nucleo_F446RE_uart\Exe\Nucleo_F446RE_uart.out
#        --redirect _Printf=_PrintfFullNoMb --redirect _Scanf=_ScanfFullNoMb
#        --map
#        D:\temp\repositories\Nucleo_F446RE_uart_example\Nucleo_F446RE_uart\EWARM\Nucleo_F446RE_uart\List\Nucleo_F446RE_uart.map
#        --config
#        D:\temp\repositories\Nucleo_F446RE_uart_example\Nucleo_F446RE_uart\EWARM/stm32f446xx_flash.icf
#        --semihosting --entry __iar_program_start --vfe --text_out locale
#        --cpu=Cortex-M4 --fpu=VFPv4_sp)
#
###############################################################################

*******************************************************************************
*** RUNTIME MODEL ATTRIBUTES
***

CppFlavor       = *
__CPP_Runtime   = 1
__SystemLibrary = DLib
__dlib_version  = 6


*******************************************************************************
*** HEAP SELECTION
***

The basic heap was selected because --advanced_heap
was not specified and the application did not appear to
be primarily optimized for speed.


*******************************************************************************
*** PLACEMENT SUMMARY
***

"A0":  place at address 0x800'0000 { ro section .intvec };
"P1":  place in [from 0x800'0000 to 0x807'ffff] { ro };
define block CSTACK with size = 1K, alignment = 8 { };
define block HEAP with size = 512, alignment = 8 { };
"P2":  place in [from 0x2000'0000 to 0x2001'ffff] {
          rw, block CSTACK, block HEAP };
initialize by copy { rw };

  Section            Kind         Address    Size  Object
  -------            ----         -------    ----  ------
"A0":                                       0x1c4
  .intvec            ro code   0x800'0000   0x1c4  startup_stm32f446xx.o [1]
                             - 0x800'01c4   0x1c4

"P1":                                      0x23c0
  .text              ro code   0x800'01c4   0x970  stm32f4xx_hal_uart.o [5]
  .text              ro code   0x800'0b34   0x150  stm32f4xx_hal_msp.o [2]
  .text              ro code   0x800'0c84   0x514  stm32f4xx_hal_dma.o [5]
  .text              ro code   0x800'1198     0x2  stm32f4xx_hal_uart.o [5]
  .text              ro code   0x800'119a     0x2  stm32f4xx_hal_uart.o [5]
  .text              ro code   0x800'119c     0x2  stm32f4xx_hal_uart.o [5]
  .text              ro code   0x800'119e     0x2  stm32f4xx_hal_uart.o [5]
  .text              ro code   0x800'11a0     0x2  stm32f4xx_hal_uart.o [5]
  .text              ro code   0x800'11a2    0x2a  copy_init3.o [8]
  .text              ro code   0x800'11cc   0x188  stm32f4xx_hal_rcc.o [5]
  .text              ro code   0x800'1354   0x230  I64DivMod.o [8]
  .text              ro code   0x800'1584   0x12c  stm32f4xx_hal_cortex.o [5]
  .text              ro code   0x800'16b0    0x14  memset.o [8]
  .text              ro code   0x800'16c4   0x1f4  stm32f4xx_hal_gpio.o [5]
  .text              ro code   0x800'18b8   0x260  main.o [2]
  .text              ro code   0x800'1b18     0xc  stm32f4xx_hal.o [5]
  .text              ro code   0x800'1b24   0x4e4  stm32f4xx_hal_rcc_ex.o [5]
  .text              ro code   0x800'2008    0x4c  stm32f4xx_hal.o [5]
  .text              ro code   0x800'2054     0x2  I64DivZer.o [8]
  .text              ro code   0x800'2058    0x66  ABImemset.o [8]
  .text              ro code   0x800'20be    0xe8  ringbuff.o [3]
  .text              ro code   0x800'21a8    0x34  stm32f4xx_hal.o [5]
  .text              ro code   0x800'21dc    0xa6  ABImemcpy.o [8]
  .text              ro code   0x800'2284    0x44  stm32f4xx_it.o [2]
  .text              ro code   0x800'22c8    0x18  stm32f4xx_hal.o [5]
  .text              ro code   0x800'22e0    0x38  zero_init3.o [8]
  .text              ro code   0x800'2318    0x28  data_init.o [8]
  .text              ro code   0x800'2340    0x22  fpinit_M.o [7]
  .iar.init_table    const     0x800'2364    0x24  - Linker created -
  .text              ro code   0x800'2388    0x1e  cmain.o [8]
  .text              ro code   0x800'23a6     0x4  low_level_init.o [6]
  .text              ro code   0x800'23aa     0x4  exit.o [6]
  .text              ro code   0x800'23b0     0xa  cexit.o [8]
  .text              ro code   0x800'23bc    0x14  exit.o [9]
  .text              ro code   0x800'23d0    0x1c  cstartup_M.o [8]
  .rodata            const     0x800'23ec    0x10  system_stm32f4xx.o [4]
  .text              ro code   0x800'23fc    0x10  startup_stm32f446xx.o [1]
  .text              ro code   0x800'240c    0x10  system_stm32f4xx.o [4]
  Initializer bytes  const     0x800'241c     0xc  <for P2-1>
  .rodata            const     0x800'2428     0x8  stm32f4xx_hal_dma.o [5]
  .rodata            const     0x800'2430     0x8  system_stm32f4xx.o [4]
  .text              ro code   0x800'2438     0x4  startup_stm32f446xx.o [1]
  .text              ro code   0x800'243c     0x4  startup_stm32f446xx.o [1]
  .text              ro code   0x800'2440     0x4  startup_stm32f446xx.o [1]
  .text              ro code   0x800'2444     0x4  startup_stm32f446xx.o [1]
  .text              ro code   0x800'2448     0x4  startup_stm32f446xx.o [1]
  .text              ro code   0x800'244c     0x4  startup_stm32f446xx.o [1]
  .text              ro code   0x800'2450     0x4  startup_stm32f446xx.o [1]
  .text              ro code   0x800'2454     0x4  startup_stm32f446xx.o [1]
  .text              ro code   0x800'2458     0x4  startup_stm32f446xx.o [1]
  .text              ro code   0x800'245c     0x4  startup_stm32f446xx.o [1]
  .text              ro code   0x800'2460     0x4  startup_stm32f446xx.o [1]
  .text              ro code   0x800'2464     0x4  startup_stm32f446xx.o [1]
  .text              ro code   0x800'2468     0x4  startup_stm32f446xx.o [1]
  .text              ro code   0x800'246c     0x4  startup_stm32f446xx.o [1]
  .text              ro code   0x800'2470     0x4  startup_stm32f446xx.o [1]
  .text              ro code   0x800'2474     0x4  startup_stm32f446xx.o [1]
  .text              ro code   0x800'2478     0x4  startup_stm32f446xx.o [1]
  .text              ro code   0x800'247c     0x4  startup_stm32f446xx.o [1]
  .text              ro code   0x800'2480     0x4  startup_stm32f446xx.o [1]
  .text              ro code   0x800'2484     0x4  startup_stm32f446xx.o [1]
  .text              ro code   0x800'2488     0x4  startup_stm32f446xx.o [1]
  .text              ro code   0x800'248c     0x4  startup_stm32f446xx.o [1]
  .text              ro code   0x800'2490     0x4  startup_stm32f446xx.o [1]
  .text              ro code   0x800'2494     0x4  startup_stm32f446xx.o [1]
  .text              ro code   0x800'2498     0x4  startup_stm32f446xx.o [1]
  .text              ro code   0x800'249c     0x4  startup_stm32f446xx.o [1]
  .text              ro code   0x800'24a0     0x4  startup_stm32f446xx.o [1]
  .text              ro code   0x800'24a4     0x4  startup_stm32f446xx.o [1]
  .text              ro code   0x800'24a8     0x4  startup_stm32f446xx.o [1]
  .text              ro code   0x800'24ac     0x4  startup_stm32f446xx.o [1]
  .text              ro code   0x800'24b0     0x4  startup_stm32f446xx.o [1]
  .text              ro code   0x800'24b4     0x4  startup_stm32f446xx.o [1]
  .text              ro code   0x800'24b8     0x4  startup_stm32f446xx.o [1]
  .text              ro code   0x800'24bc     0x4  startup_stm32f446xx.o [1]
  .text              ro code   0x800'24c0     0x4  startup_stm32f446xx.o [1]
  .text              ro code   0x800'24c4     0x4  startup_stm32f446xx.o [1]
  .text              ro code   0x800'24c8     0x4  startup_stm32f446xx.o [1]
  .text              ro code   0x800'24cc     0x4  startup_stm32f446xx.o [1]
  .text              ro code   0x800'24d0     0x4  startup_stm32f446xx.o [1]
  .text              ro code   0x800'24d4     0x4  startup_stm32f446xx.o [1]
  .text              ro code   0x800'24d8     0x4  startup_stm32f446xx.o [1]
  .text              ro code   0x800'24dc     0x4  startup_stm32f446xx.o [1]
  .text              ro code   0x800'24e0     0x4  startup_stm32f446xx.o [1]
  .text              ro code   0x800'24e4     0x4  startup_stm32f446xx.o [1]
  .text              ro code   0x800'24e8     0x4  startup_stm32f446xx.o [1]
  .text              ro code   0x800'24ec     0x4  startup_stm32f446xx.o [1]
  .text              ro code   0x800'24f0     0x4  startup_stm32f446xx.o [1]
  .text              ro code   0x800'24f4     0x4  startup_stm32f446xx.o [1]
  .text              ro code   0x800'24f8     0x4  startup_stm32f446xx.o [1]
  .text              ro code   0x800'24fc     0x4  startup_stm32f446xx.o [1]
  .text              ro code   0x800'2500     0x4  startup_stm32f446xx.o [1]
  .text              ro code   0x800'2504     0x4  startup_stm32f446xx.o [1]
  .text              ro code   0x800'2508     0x4  startup_stm32f446xx.o [1]
  .text              ro code   0x800'250c     0x4  startup_stm32f446xx.o [1]
  .text              ro code   0x800'2510     0x4  startup_stm32f446xx.o [1]
  .text              ro code   0x800'2514     0x4  startup_stm32f446xx.o [1]
  .text              ro code   0x800'2518     0x4  startup_stm32f446xx.o [1]
  .text              ro code   0x800'251c     0x4  startup_stm32f446xx.o [1]
  .text              ro code   0x800'2520     0x4  startup_stm32f446xx.o [1]
  .text              ro code   0x800'2524     0x4  startup_stm32f446xx.o [1]
  .text              ro code   0x800'2528     0x4  startup_stm32f446xx.o [1]
  .text              ro code   0x800'252c     0x4  startup_stm32f446xx.o [1]
  .text              ro code   0x800'2530     0x4  startup_stm32f446xx.o [1]
  .text              ro code   0x800'2534     0x4  startup_stm32f446xx.o [1]
  .text              ro code   0x800'2538     0x4  startup_stm32f446xx.o [1]
  .text              ro code   0x800'253c     0x4  startup_stm32f446xx.o [1]
  .text              ro code   0x800'2540     0x4  startup_stm32f446xx.o [1]
  .text              ro code   0x800'2544     0x4  startup_stm32f446xx.o [1]
  .text              ro code   0x800'2548     0x4  startup_stm32f446xx.o [1]
  .text              ro code   0x800'254c     0x4  startup_stm32f446xx.o [1]
  .text              ro code   0x800'2550     0x4  startup_stm32f446xx.o [1]
  .text              ro code   0x800'2554     0x4  startup_stm32f446xx.o [1]
  .text              ro code   0x800'2558     0x4  startup_stm32f446xx.o [1]
  .text              ro code   0x800'255c     0x4  startup_stm32f446xx.o [1]
  .text              ro code   0x800'2560     0x4  startup_stm32f446xx.o [1]
  .text              ro code   0x800'2564     0x4  startup_stm32f446xx.o [1]
  .text              ro code   0x800'2568     0x4  startup_stm32f446xx.o [1]
  .text              ro code   0x800'256c     0x4  startup_stm32f446xx.o [1]
  .text              ro code   0x800'2570     0x4  startup_stm32f446xx.o [1]
  .text              ro code   0x800'2574     0x4  startup_stm32f446xx.o [1]
  .text              ro code   0x800'2578     0x4  startup_stm32f446xx.o [1]
  .text              ro code   0x800'257c     0x4  startup_stm32f446xx.o [1]
  .text              ro code   0x800'2580     0x4  startup_stm32f446xx.o [1]
  .rodata            const     0x800'2584     0x0  zero_init3.o [8]
  .rodata            const     0x800'2584     0x0  copy_init3.o [8]
                             - 0x800'2584  0x23c0

"P2", part 1 of 3:                            0xc
  P2-1                        0x2000'0000     0x9  <Init block>
    .data            inited   0x2000'0000     0x4  stm32f4xx_hal.o [5]
    .data            inited   0x2000'0004     0x4  system_stm32f4xx.o [4]
    .data            inited   0x2000'0008     0x1  stm32f4xx_hal.o [5]
                            - 0x2000'0009     0x9

"P2", part 2 of 3:                          0x5e8
  .bss               zero     0x2000'000c   0x400  main.o [2]
  .bss               zero     0x2000'040c    0x80  main.o [2]
  .bss               zero     0x2000'048c    0x60  main.o [2]
  .bss               zero     0x2000'04ec    0x60  main.o [2]
  .bss               zero     0x2000'054c    0x44  main.o [2]
  .bss               zero     0x2000'0590    0x40  main.o [2]
  .bss               zero     0x2000'05d0    0x10  main.o [2]
  .bss               zero     0x2000'05e0    0x10  main.o [2]
  .bss               zero     0x2000'05f0     0x4  stm32f4xx_hal.o [5]
                            - 0x2000'05f4   0x5e8

"P2", part 3 of 3:                          0x400
  CSTACK                      0x2000'05f8   0x400  <Block>
    CSTACK           uninit   0x2000'05f8   0x400  <Block tail>
                            - 0x2000'09f8   0x400

Unused ranges:

         From           To      Size
         ----           --      ----
   0x800'2584   0x807'ffff  0x7'da7c
  0x2000'05f4  0x2000'05f7       0x4
  0x2000'09f8  0x2001'ffff  0x1'f608


*******************************************************************************
*** INIT TABLE
***

          Address      Size
          -------      ----
Zero (__iar_zero_init3)
    1 destination range, total size 0x5e8:
          0x2000'000c  0x5e8

Copy (__iar_copy_init3)
    1 source range, total size 0xc (133% of destination):
           0x800'241c    0xc
    1 destination range, total size 0x9:
          0x2000'0000    0x9



*******************************************************************************
*** MODULE SUMMARY
***

    Module                  ro code  ro data  rw data
    ------                  -------  -------  -------
command line/config:
    -------------------------------------------------
    Total:

D:\temp\repositories\Nucleo_F446RE_uart_example\Nucleo_F446RE_uart\EWARM\Nucleo_F446RE_uart\Obj\Application\EWARM: [1]
    startup_stm32f446xx.o       800
    -------------------------------------------------
    Total:                      800

D:\temp\repositories\Nucleo_F446RE_uart_example\Nucleo_F446RE_uart\EWARM\Nucleo_F446RE_uart\Obj\Application\User\Core: [2]
    main.o                      608             1'508
    stm32f4xx_hal_msp.o         336
    stm32f4xx_it.o               68
    -------------------------------------------------
    Total:                    1'012             1'508

D:\temp\repositories\Nucleo_F446RE_uart_example\Nucleo_F446RE_uart\EWARM\Nucleo_F446RE_uart\Obj\Application\User\user_code: [3]
    ringbuff.o                  232
    -------------------------------------------------
    Total:                      232

D:\temp\repositories\Nucleo_F446RE_uart_example\Nucleo_F446RE_uart\EWARM\Nucleo_F446RE_uart\Obj\Drivers\CMSIS: [4]
    system_stm32f4xx.o           16       28        4
    -------------------------------------------------
    Total:                       16       28        4

D:\temp\repositories\Nucleo_F446RE_uart_example\Nucleo_F446RE_uart\EWARM\Nucleo_F446RE_uart\Obj\Drivers\STM32F4xx_HAL_Driver: [5]
    stm32f4xx_hal.o             164        5        9
    stm32f4xx_hal_cortex.o      300
    stm32f4xx_hal_dma.o       1'300        8
    stm32f4xx_hal_gpio.o        500
    stm32f4xx_hal_rcc.o         392
    stm32f4xx_hal_rcc_ex.o    1'252
    stm32f4xx_hal_uart.o      2'426
    -------------------------------------------------
    Total:                    6'334       13        9

dl7M_tln.a: [6]
    exit.o                        4
    low_level_init.o              4
    -------------------------------------------------
    Total:                        8

m7M_tls.a: [7]
    fpinit_M.o                   34
    -------------------------------------------------
    Total:                       34

rt7M_tl.a: [8]
    ABImemcpy.o                 166
    ABImemset.o                 102
    I64DivMod.o                 560
    I64DivZer.o                   2
    cexit.o                      10
    cmain.o                      30
    copy_init3.o                 42
    cstartup_M.o                 28
    data_init.o                  40
    memset.o                     20
    zero_init3.o                 56
    -------------------------------------------------
    Total:                    1'056

shb_l.a: [9]
    exit.o                       20
    -------------------------------------------------
    Total:                       20

    Gaps                         10        2
    Linker created                        39    1'024
-----------------------------------------------------
    Grand Total:              9'522       82    2'545


*******************************************************************************
*** ENTRY LIST
***

Entry                       Address   Size  Type      Object
-----                       -------   ----  ----      ------
.iar.init_table$$Base    0x800'2364          --   Gb  - Linker created -
.iar.init_table$$Limit   0x800'2388          --   Gb  - Linker created -
?main                    0x800'2389         Code  Gb  cmain.o [8]
ADC_IRQHandler           0x800'2479         Code  Wk  startup_stm32f446xx.o [1]
AHBPrescTable            0x800'23ec   0x10  Data  Gb  system_stm32f4xx.o [4]
APBPrescTable            0x800'2430    0x8  Data  Gb  system_stm32f4xx.o [4]
BusFault_Handler         0x800'228b    0x2  Code  Gb  stm32f4xx_it.o [2]
CAN1_RX0_IRQHandler      0x800'2481         Code  Wk  startup_stm32f446xx.o [1]
CAN1_RX1_IRQHandler      0x800'2485         Code  Wk  startup_stm32f446xx.o [1]
CAN1_SCE_IRQHandler      0x800'2489         Code  Wk  startup_stm32f446xx.o [1]
CAN1_TX_IRQHandler       0x800'247d         Code  Wk  startup_stm32f446xx.o [1]
CAN2_RX0_IRQHandler      0x800'2525         Code  Wk  startup_stm32f446xx.o [1]
CAN2_RX1_IRQHandler      0x800'2529         Code  Wk  startup_stm32f446xx.o [1]
CAN2_SCE_IRQHandler      0x800'252d         Code  Wk  startup_stm32f446xx.o [1]
CAN2_TX_IRQHandler       0x800'2521         Code  Wk  startup_stm32f446xx.o [1]
CEC_IRQHandler           0x800'2575         Code  Wk  startup_stm32f446xx.o [1]
CSTACK$$Base            0x2000'05f8          --   Gb  - Linker created -
CSTACK$$Limit           0x2000'09f8          --   Gb  - Linker created -
DCMI_IRQHandler          0x800'255d         Code  Wk  startup_stm32f446xx.o [1]
DMA1_Stream0_IRQHandler
                         0x800'2465         Code  Wk  startup_stm32f446xx.o [1]
DMA1_Stream1_IRQHandler
                         0x800'2469         Code  Wk  startup_stm32f446xx.o [1]
DMA1_Stream2_IRQHandler
                         0x800'246d         Code  Wk  startup_stm32f446xx.o [1]
DMA1_Stream3_IRQHandler
                         0x800'2471         Code  Wk  startup_stm32f446xx.o [1]
DMA1_Stream4_IRQHandler
                         0x800'2475         Code  Wk  startup_stm32f446xx.o [1]
DMA1_Stream5_IRQHandler
                         0x800'229d    0xa  Code  Gb  stm32f4xx_it.o [2]
DMA1_Stream6_IRQHandler
                         0x800'22a7    0xa  Code  Gb  stm32f4xx_it.o [2]
DMA1_Stream7_IRQHandler
                         0x800'24e9         Code  Wk  startup_stm32f446xx.o [1]
DMA2_Stream0_IRQHandler
                         0x800'250d         Code  Wk  startup_stm32f446xx.o [1]
DMA2_Stream1_IRQHandler
                         0x800'2511         Code  Wk  startup_stm32f446xx.o [1]
DMA2_Stream2_IRQHandler
                         0x800'2515         Code  Wk  startup_stm32f446xx.o [1]
DMA2_Stream3_IRQHandler
                         0x800'2519         Code  Wk  startup_stm32f446xx.o [1]
DMA2_Stream4_IRQHandler
                         0x800'251d         Code  Wk  startup_stm32f446xx.o [1]
DMA2_Stream5_IRQHandler
                         0x800'2535         Code  Wk  startup_stm32f446xx.o [1]
DMA2_Stream6_IRQHandler
                         0x800'2539         Code  Wk  startup_stm32f446xx.o [1]
DMA2_Stream7_IRQHandler
                         0x800'253d         Code  Wk  startup_stm32f446xx.o [1]
DMA_CalcBaseAndBitshift
                         0x800'10d3   0x30  Code  Lc  stm32f4xx_hal_dma.o [5]
DMA_CalcBaseAndBitshift::flagBitshiftOffset
                         0x800'2428    0x8  Data  Lc  stm32f4xx_hal_dma.o [5]
DMA_CheckFifoParam       0x800'1111   0x88  Code  Lc  stm32f4xx_hal_dma.o [5]
DMA_SetConfig            0x800'10a5   0x2e  Code  Lc  stm32f4xx_hal_dma.o [5]
DebugMon_Handler         0x800'2291    0x2  Code  Gb  stm32f4xx_it.o [2]
EXTI0_IRQHandler         0x800'2451         Code  Wk  startup_stm32f446xx.o [1]
EXTI15_10_IRQHandler     0x800'24cd         Code  Wk  startup_stm32f446xx.o [1]
EXTI1_IRQHandler         0x800'2455         Code  Wk  startup_stm32f446xx.o [1]
EXTI2_IRQHandler         0x800'2459         Code  Wk  startup_stm32f446xx.o [1]
EXTI3_IRQHandler         0x800'245d         Code  Wk  startup_stm32f446xx.o [1]
EXTI4_IRQHandler         0x800'2461         Code  Wk  startup_stm32f446xx.o [1]
EXTI9_5_IRQHandler       0x800'248d         Code  Wk  startup_stm32f446xx.o [1]
Error_Handler            0x800'1b15    0x4  Code  Gb  main.o [2]
FLASH_IRQHandler         0x800'2449         Code  Wk  startup_stm32f446xx.o [1]
FMC_IRQHandler           0x800'24ed         Code  Wk  startup_stm32f446xx.o [1]
FMPI2C1_ER_IRQHandler    0x800'2581         Code  Wk  startup_stm32f446xx.o [1]
FMPI2C1_EV_IRQHandler    0x800'257d         Code  Wk  startup_stm32f446xx.o [1]
FPU_IRQHandler           0x800'2561         Code  Wk  startup_stm32f446xx.o [1]
HAL_DMA_Abort            0x800'0dd9   0x9c  Code  Gb  stm32f4xx_hal_dma.o [5]
HAL_DMA_Abort_IT         0x800'0e75   0x26  Code  Gb  stm32f4xx_hal_dma.o [5]
HAL_DMA_IRQHandler       0x800'0e9b  0x20a  Code  Gb  stm32f4xx_hal_dma.o [5]
HAL_DMA_Init             0x800'0c85   0xe0  Code  Gb  stm32f4xx_hal_dma.o [5]
HAL_DMA_Start_IT         0x800'0d65   0x74  Code  Gb  stm32f4xx_hal_dma.o [5]
HAL_GPIO_Init            0x800'16c5  0x1ac  Code  Gb  stm32f4xx_hal_gpio.o [5]
HAL_GPIO_WritePin        0x800'1871   0x14  Code  Gb  stm32f4xx_hal_gpio.o [5]
HAL_GetTick              0x800'1b19    0xc  Code  Wk  stm32f4xx_hal.o [5]
HAL_IncTick              0x800'22c9   0x18  Code  Wk  stm32f4xx_hal.o [5]
HAL_Init                 0x800'21a9   0x30  Code  Gb  stm32f4xx_hal.o [5]
HAL_InitTick             0x800'2009   0x4c  Code  Wk  stm32f4xx_hal.o [5]
HAL_MspInit              0x800'0b35   0x3a  Code  Gb  stm32f4xx_hal_msp.o [2]
HAL_NVIC_EnableIRQ       0x800'167d    0xa  Code  Gb  stm32f4xx_hal_cortex.o [5]
HAL_NVIC_SetPriority     0x800'165b   0x22  Code  Gb  stm32f4xx_hal_cortex.o [5]
HAL_NVIC_SetPriorityGrouping
                         0x800'1653    0x8  Code  Gb  stm32f4xx_hal_cortex.o [5]
HAL_RCC_ClockConfig      0x800'11cd  0x13a  Code  Gb  stm32f4xx_hal_rcc.o [5]
HAL_RCC_GetHCLKFreq      0x800'1307    0x6  Code  Gb  stm32f4xx_hal_rcc.o [5]
HAL_RCC_GetPCLK1Freq     0x800'130d   0x16  Code  Gb  stm32f4xx_hal_rcc.o [5]
HAL_RCC_GetPCLK2Freq     0x800'1323   0x16  Code  Gb  stm32f4xx_hal_rcc.o [5]
HAL_RCC_GetSysClockFreq
                         0x800'1b25   0xc8  Code  Gb  stm32f4xx_hal_rcc_ex.o [5]
HAL_RCC_OscConfig        0x800'1bf1  0x3e6  Code  Gb  stm32f4xx_hal_rcc_ex.o [5]
HAL_SYSTICK_Config       0x800'1687    0x8  Code  Gb  stm32f4xx_hal_cortex.o [5]
HAL_UARTEx_RxEventCallback
                         0x800'119b    0x2  Code  Wk  stm32f4xx_hal_uart.o [5]
HAL_UART_ErrorCallback   0x800'1199    0x2  Code  Wk  stm32f4xx_hal_uart.o [5]
HAL_UART_IRQHandler      0x800'0277  0x284  Code  Gb  stm32f4xx_hal_uart.o [5]
HAL_UART_Init            0x800'01c5   0x76  Code  Gb  stm32f4xx_hal_uart.o [5]
HAL_UART_MspInit         0x800'0b6f   0xf2  Code  Gb  stm32f4xx_hal_msp.o [2]
HAL_UART_Receive_DMA     0x800'023b   0x3c  Code  Gb  stm32f4xx_hal_uart.o [5]
HAL_UART_RxCpltCallback
                         0x800'119d    0x2  Code  Wk  stm32f4xx_hal_uart.o [5]
HAL_UART_RxHalfCpltCallback
                         0x800'119f    0x2  Code  Wk  stm32f4xx_hal_uart.o [5]
HAL_UART_TxCpltCallback
                         0x800'11a1    0x2  Code  Wk  stm32f4xx_hal_uart.o [5]
HardFault_Handler        0x800'2287    0x2  Code  Gb  stm32f4xx_it.o [2]
I2C1_ER_IRQHandler       0x800'24b1         Code  Wk  startup_stm32f446xx.o [1]
I2C1_EV_IRQHandler       0x800'24ad         Code  Wk  startup_stm32f446xx.o [1]
I2C2_ER_IRQHandler       0x800'24b9         Code  Wk  startup_stm32f446xx.o [1]
I2C2_EV_IRQHandler       0x800'24b5         Code  Wk  startup_stm32f446xx.o [1]
I2C3_ER_IRQHandler       0x800'2549         Code  Wk  startup_stm32f446xx.o [1]
I2C3_EV_IRQHandler       0x800'2545         Code  Wk  startup_stm32f446xx.o [1]
MX_DMA_Init              0x800'19ff   0x3c  Code  Lc  main.o [2]
MX_GPIO_Init             0x800'1a3b   0xaa  Code  Lc  main.o [2]
MX_USART2_UART_Init      0x800'19cb   0x34  Code  Lc  main.o [2]
MemManage_Handler        0x800'2289    0x2  Code  Gb  stm32f4xx_it.o [2]
NMI_Handler              0x800'2285    0x2  Code  Gb  stm32f4xx_it.o [2]
NVIC_EncodePriority      0x800'15e9   0x3c  Code  Lc  stm32f4xx_hal_cortex.o [5]
OTG_FS_IRQHandler        0x800'2531         Code  Wk  startup_stm32f446xx.o [1]
OTG_FS_WKUP_IRQHandler   0x800'24d5         Code  Wk  startup_stm32f446xx.o [1]
OTG_HS_EP1_IN_IRQHandler
                         0x800'2551         Code  Wk  startup_stm32f446xx.o [1]
OTG_HS_EP1_OUT_IRQHandler
                         0x800'254d         Code  Wk  startup_stm32f446xx.o [1]
OTG_HS_IRQHandler        0x800'2559         Code  Wk  startup_stm32f446xx.o [1]
OTG_HS_WKUP_IRQHandler   0x800'2555         Code  Wk  startup_stm32f446xx.o [1]
PVD_IRQHandler           0x800'243d         Code  Wk  startup_stm32f446xx.o [1]
PendSV_Handler           0x800'2293    0x2  Code  Gb  stm32f4xx_it.o [2]
QUADSPI_IRQHandler       0x800'2571         Code  Wk  startup_stm32f446xx.o [1]
RCC_IRQHandler           0x800'244d         Code  Wk  startup_stm32f446xx.o [1]
RTC_Alarm_IRQHandler     0x800'24d1         Code  Wk  startup_stm32f446xx.o [1]
RTC_WKUP_IRQHandler      0x800'2445         Code  Wk  startup_stm32f446xx.o [1]
Region$$Table$$Base      0x800'2364          --   Gb  - Linker created -
Region$$Table$$Limit     0x800'2388          --   Gb  - Linker created -
Reset_Handler            0x800'23fd         Code  Wk  startup_stm32f446xx.o [1]
SAI1_IRQHandler          0x800'2569         Code  Wk  startup_stm32f446xx.o [1]
SAI2_IRQHandler          0x800'256d         Code  Wk  startup_stm32f446xx.o [1]
SDIO_IRQHandler          0x800'24f1         Code  Wk  startup_stm32f446xx.o [1]
SPDIF_RX_IRQHandler      0x800'2579         Code  Wk  startup_stm32f446xx.o [1]
SPI1_IRQHandler          0x800'24bd         Code  Wk  startup_stm32f446xx.o [1]
SPI2_IRQHandler          0x800'24c1         Code  Wk  startup_stm32f446xx.o [1]
SPI3_IRQHandler          0x800'24f9         Code  Wk  startup_stm32f446xx.o [1]
SPI4_IRQHandler          0x800'2565         Code  Wk  startup_stm32f446xx.o [1]
SVC_Handler              0x800'228f    0x2  Code  Gb  stm32f4xx_it.o [2]
SysTick_Config           0x800'1625   0x2e  Code  Lc  stm32f4xx_hal_cortex.o [5]
SysTick_Handler          0x800'2295    0x8  Code  Gb  stm32f4xx_it.o [2]
SystemClock_Config       0x800'191f   0xac  Code  Gb  main.o [2]
SystemCoreClock         0x2000'0004    0x4  Data  Gb  system_stm32f4xx.o [4]
SystemInit               0x800'240d    0xc  Code  Gb  system_stm32f4xx.o [4]
TAMP_STAMP_IRQHandler    0x800'2441         Code  Wk  startup_stm32f446xx.o [1]
TIM1_BRK_TIM9_IRQHandler
                         0x800'2491         Code  Wk  startup_stm32f446xx.o [1]
TIM1_CC_IRQHandler       0x800'249d         Code  Wk  startup_stm32f446xx.o [1]
TIM1_TRG_COM_TIM11_IRQHandler
                         0x800'2499         Code  Wk  startup_stm32f446xx.o [1]
TIM1_UP_TIM10_IRQHandler
                         0x800'2495         Code  Wk  startup_stm32f446xx.o [1]
TIM2_IRQHandler          0x800'24a1         Code  Wk  startup_stm32f446xx.o [1]
TIM3_IRQHandler          0x800'24a5         Code  Wk  startup_stm32f446xx.o [1]
TIM4_IRQHandler          0x800'24a9         Code  Wk  startup_stm32f446xx.o [1]
TIM5_IRQHandler          0x800'24f5         Code  Wk  startup_stm32f446xx.o [1]
TIM6_DAC_IRQHandler      0x800'2505         Code  Wk  startup_stm32f446xx.o [1]
TIM7_IRQHandler          0x800'2509         Code  Wk  startup_stm32f446xx.o [1]
TIM8_BRK_TIM12_IRQHandler
                         0x800'24d9         Code  Wk  startup_stm32f446xx.o [1]
TIM8_CC_IRQHandler       0x800'24e5         Code  Wk  startup_stm32f446xx.o [1]
TIM8_TRG_COM_TIM14_IRQHandler
                         0x800'24e1         Code  Wk  startup_stm32f446xx.o [1]
TIM8_UP_TIM13_IRQHandler
                         0x800'24dd         Code  Wk  startup_stm32f446xx.o [1]
UART4_IRQHandler         0x800'24fd         Code  Wk  startup_stm32f446xx.o [1]
UART5_IRQHandler         0x800'2501         Code  Wk  startup_stm32f446xx.o [1]
UART_DMAAbortOnError     0x800'0741   0x12  Code  Lc  stm32f4xx_hal_uart.o [5]
UART_DMAError            0x800'05b1   0x56  Code  Lc  stm32f4xx_hal_uart.o [5]
UART_DMAReceiveCplt      0x800'04fb   0x9a  Code  Lc  stm32f4xx_hal_uart.o [5]
UART_DMARxHalfCplt       0x800'0595   0x1c  Code  Lc  stm32f4xx_hal_uart.o [5]
UART_EndRxTransfer       0x800'06dd   0x60  Code  Lc  stm32f4xx_hal_uart.o [5]
UART_EndTransmit_IT      0x800'07b7   0x1c  Code  Lc  stm32f4xx_hal_uart.o [5]
UART_EndTxTransfer       0x800'06bb   0x22  Code  Lc  stm32f4xx_hal_uart.o [5]
UART_Receive_IT          0x800'07d3   0xea  Code  Lc  stm32f4xx_hal_uart.o [5]
UART_SetConfig           0x800'08bd  0x260  Code  Lc  stm32f4xx_hal_uart.o [5]
UART_Start_Receive_DMA   0x800'0607   0xb4  Code  Gb  stm32f4xx_hal_uart.o [5]
UART_Transmit_IT         0x800'0755   0x62  Code  Lc  stm32f4xx_hal_uart.o [5]
USART1_IRQHandler        0x800'24c5         Code  Wk  startup_stm32f446xx.o [1]
USART2_IRQHandler        0x800'22b1    0xa  Code  Gb  stm32f4xx_it.o [2]
USART3_IRQHandler        0x800'24c9         Code  Wk  startup_stm32f446xx.o [1]
USART6_IRQHandler        0x800'2541         Code  Wk  startup_stm32f446xx.o [1]
UsageFault_Handler       0x800'228d    0x2  Code  Gb  stm32f4xx_it.o [2]
WWDG_IRQHandler          0x800'2439         Code  Wk  startup_stm32f446xx.o [1]
__NVIC_EnableIRQ         0x800'15a9   0x1c  Code  Lc  stm32f4xx_hal_cortex.o [5]
__NVIC_GetPriorityGrouping
                         0x800'159f    0xa  Code  Lc  stm32f4xx_hal_cortex.o [5]
__NVIC_SetPriority       0x800'15c5   0x24  Code  Lc  stm32f4xx_hal_cortex.o [5]
__NVIC_SetPriorityGrouping
                         0x800'1585   0x1a  Code  Lc  stm32f4xx_hal_cortex.o [5]
__aeabi_ldiv0            0x800'2055         Code  Gb  I64DivZer.o [8]
__aeabi_memcpy           0x800'21dd         Code  Gb  ABImemcpy.o [8]
__aeabi_memcpy4          0x800'21fd         Code  Gb  ABImemcpy.o [8]
__aeabi_memcpy8          0x800'21fd         Code  Gb  ABImemcpy.o [8]
__aeabi_memset           0x800'2059         Code  Gb  ABImemset.o [8]
__aeabi_uldivmod         0x800'1355         Code  Gb  I64DivMod.o [8]
__cmain                  0x800'2389         Code  Gb  cmain.o [8]
__exit                   0x800'23bd   0x14  Code  Gb  exit.o [9]
__iar_Memset             0x800'2059         Code  Gb  ABImemset.o [8]
__iar_Memset_word        0x800'2061         Code  Gb  ABImemset.o [8]
__iar_copy_init3         0x800'11a3   0x2a  Code  Gb  copy_init3.o [8]
__iar_data_init3         0x800'2319   0x28  Code  Gb  data_init.o [8]
__iar_init_vfp           0x800'2341         Code  Gb  fpinit_M.o [7]
__iar_program_start      0x800'23d1         Code  Gb  cstartup_M.o [8]
__iar_zero_init3         0x800'22e1   0x38  Code  Gb  zero_init3.o [8]
__low_level_init         0x800'23a7    0x4  Code  Gb  low_level_init.o [6]
__vector_table           0x800'0000         Data  Gb  startup_stm32f446xx.o [1]
_call_main               0x800'2395         Code  Gb  cmain.o [8]
_exit                    0x800'23b1         Code  Gb  cexit.o [8]
exit                     0x800'23ab    0x4  Code  Gb  exit.o [6]
hdma_usart2_rx          0x2000'04ec   0x60  Data  Gb  main.o [2]
hdma_usart2_tx          0x2000'048c   0x60  Data  Gb  main.o [2]
huart2                  0x2000'054c   0x44  Data  Gb  main.o [2]
main                     0x800'18db   0x44  Code  Gb  main.o [2]
memset                   0x800'16b1   0x14  Code  Gb  memset.o [8]
ringbuff_get_full        0x800'2175   0x32  Code  Gb  ringbuff.o [3]
ringbuff_init            0x800'20bf   0x2c  Code  Gb  ringbuff.o [3]
ringbuff_read            0x800'20eb   0x8a  Code  Gb  ringbuff.o [3]
usart_rx_buffer_read     0x800'18c3   0x18  Code  Gb  main.o [2]
usart_rx_buffer_ready    0x800'18b9    0xa  Code  Gb  main.o [2]
usart_rx_dma_buffer     0x2000'0590   0x40  Data  Lc  main.o [2]
usart_rx_dma_ringbuff   0x2000'05e0   0x10  Data  Lc  main.o [2]
usart_rx_dma_ringbuff_data
                        0x2000'040c   0x80  Data  Lc  main.o [2]
usart_tx_buff           0x2000'05d0   0x10  Data  Lc  main.o [2]
usart_tx_buff_data      0x2000'000c  0x400  Data  Lc  main.o [2]
uwTick                  0x2000'05f0    0x4  Data  Gb  stm32f4xx_hal.o [5]
uwTickFreq              0x2000'0008    0x1  Data  Gb  stm32f4xx_hal.o [5]
uwTickPrio              0x2000'0000    0x4  Data  Gb  stm32f4xx_hal.o [5]


[1] = D:\temp\repositories\Nucleo_F446RE_uart_example\Nucleo_F446RE_uart\EWARM\Nucleo_F446RE_uart\Obj\Application\EWARM
[2] = D:\temp\repositories\Nucleo_F446RE_uart_example\Nucleo_F446RE_uart\EWARM\Nucleo_F446RE_uart\Obj\Application\User\Core
[3] = D:\temp\repositories\Nucleo_F446RE_uart_example\Nucleo_F446RE_uart\EWARM\Nucleo_F446RE_uart\Obj\Application\User\user_code
[4] = D:\temp\repositories\Nucleo_F446RE_uart_example\Nucleo_F446RE_uart\EWARM\Nucleo_F446RE_uart\Obj\Drivers\CMSIS
[5] = D:\temp\repositories\Nucleo_F446RE_uart_example\Nucleo_F446RE_uart\EWARM\Nucleo_F446RE_uart\Obj\Drivers\STM32F4xx_HAL_Driver
[6] = dl7M_tln.a
[7] = m7M_tls.a
[8] = rt7M_tl.a
[9] = shb_l.a

  9'522 bytes of readonly  code memory
     82 bytes of readonly  data memory
  2'545 bytes of readwrite data memory

Errors: none
Warnings: none
